%!Adobe-FontList 1.20
%Locale:0x412

%BeginFont
Handler:DirectoryHandler
FontType:Invalid
OutlineFileName:C:\Users\John_Ro\Desktop\landrover_main\landrover_coding\Font\SpoqaHanSans\demo.html
FileModTime:1571015318
%EndFont

%BeginFont
Handler:DirectoryHandler
FontType:Invalid
OutlineFileName:C:\Users\John_Ro\Desktop\landrover_main\landrover_coding\Font\SpoqaHanSans\hinted-SpoqaHanSans-Bold.eot
FileModTime:1571015318
%EndFont

%BeginFont
Handler:DirectoryHandler
FontType:Invalid
OutlineFileName:C:\Users\John_Ro\Desktop\landrover_main\landrover_coding\Font\SpoqaHanSans\hinted-SpoqaHanSans-Bold.svg
FileModTime:1571015318
%EndFont

%BeginFont
Handler:DirectoryHandler
FontType:TrueType
FontName:SpoqaHanSans-Bold
FamilyName:SpoqaHanSans
StyleName:Bold
FullName:SpoqaHanSans-Bold
MenuName:SpoqaHanSans-Bold
StyleBits:2
FamilyNameNative:SpoqaHanSans
StyleNameNative:Bold
FullNameNative:SpoqaHanSans Bold
WritingScript:Korean
OutlineFileName:C:\Users\John_Ro\Desktop\landrover_main\landrover_coding\Font\SpoqaHanSans\hinted-SpoqaHanSans-Bold.ttf
DataFormat:sfntData
hasSVG:no
VariableFontType:NonVariableFont
FileLength:923848
FileModTime:1571015318
WeightClass:700
WidthClass:5
AngleClass:0
NameArray:0,Mac,18,SpoqaHanSans-Bold
NameArray:0,Mac,4,SpoqaHanSans-Bold
NameArray:0,Win,1,SpoqaHanSans-Bold
NameArray:0,Win,16,SpoqaHanSans
NameArray:1,Win,1,SpoqaHanSans-Bold
NameArray:1,Win,16,SpoqaHanSans
%EndFont

%BeginFont
Handler:DirectoryHandler
FontType:Invalid
OutlineFileName:C:\Users\John_Ro\Desktop\landrover_main\landrover_coding\Font\SpoqaHanSans\hinted-SpoqaHanSans-Bold.woff
FileModTime:1571015318
%EndFont

%BeginFont
Handler:DirectoryHandler
FontType:Invalid
OutlineFileName:C:\Users\John_Ro\Desktop\landrover_main\landrover_coding\Font\SpoqaHanSans\hinted-SpoqaHanSans-Bold.woff2
FileModTime:1571015318
%EndFont

%BeginFont
Handler:DirectoryHandler
FontType:Invalid
OutlineFileName:C:\Users\John_Ro\Desktop\landrover_main\landrover_coding\Font\SpoqaHanSans\hinted-SpoqaHanSans-Light.eot
FileModTime:1571015318
%EndFont

%BeginFont
Handler:DirectoryHandler
FontType:Invalid
OutlineFileName:C:\Users\John_Ro\Desktop\landrover_main\landrover_coding\Font\SpoqaHanSans\hinted-SpoqaHanSans-Light.svg
FileModTime:1571015318
%EndFont

%BeginFont
Handler:DirectoryHandler
FontType:TrueType
FontName:SpoqaHanSans-Light
FamilyName:SpoqaHanSans
StyleName:Light
FullName:SpoqaHanSans-Light
MenuName:SpoqaHanSans-Light
StyleBits:0
FamilyNameNative:SpoqaHanSans
StyleNameNative:Light
FullNameNative:SpoqaHanSans Light
WritingScript:Korean
OutlineFileName:C:\Users\John_Ro\Desktop\landrover_main\landrover_coding\Font\SpoqaHanSans\hinted-SpoqaHanSans-Light.ttf
DataFormat:sfntData
hasSVG:no
VariableFontType:NonVariableFont
FileLength:924200
FileModTime:1571015318
WeightClass:300
WidthClass:5
AngleClass:0
NameArray:0,Mac,18,SpoqaHanSans-Light
NameArray:0,Mac,4,SpoqaHanSans-Light
NameArray:0,Win,1,SpoqaHanSans-Light
NameArray:0,Win,16,SpoqaHanSans
NameArray:1,Win,1,SpoqaHanSans-Light
NameArray:1,Win,16,SpoqaHanSans
%EndFont

%BeginFont
Handler:DirectoryHandler
FontType:Invalid
OutlineFileName:C:\Users\John_Ro\Desktop\landrover_main\landrover_coding\Font\SpoqaHanSans\hinted-SpoqaHanSans-Light.woff
FileModTime:1571015318
%EndFont

%BeginFont
Handler:DirectoryHandler
FontType:Invalid
OutlineFileName:C:\Users\John_Ro\Desktop\landrover_main\landrover_coding\Font\SpoqaHanSans\hinted-SpoqaHanSans-Light.woff2
FileModTime:1571015318
%EndFont

%BeginFont
Handler:DirectoryHandler
FontType:Invalid
OutlineFileName:C:\Users\John_Ro\Desktop\landrover_main\landrover_coding\Font\SpoqaHanSans\hinted-SpoqaHanSans-Regular.eot
FileModTime:1571015318
%EndFont

%BeginFont
Handler:DirectoryHandler
FontType:Invalid
OutlineFileName:C:\Users\John_Ro\Desktop\landrover_main\landrover_coding\Font\SpoqaHanSans\hinted-SpoqaHanSans-Regular.svg
FileModTime:1571015318
%EndFont

%BeginFont
Handler:DirectoryHandler
FontType:TrueType
FontName:SpoqaHanSans-Regular
FamilyName:SpoqaHanSans
StyleName:Regular
FullName:SpoqaHanSans-Regular
MenuName:SpoqaHanSans-Regular
StyleBits:0
FamilyNameNative:SpoqaHanSans
StyleNameNative:Regular
FullNameNative:SpoqaHanSans Regular
WritingScript:Korean
OutlineFileName:C:\Users\John_Ro\Desktop\landrover_main\landrover_coding\Font\SpoqaHanSans\hinted-SpoqaHanSans-Regular.ttf
DataFormat:sfntData
hasSVG:no
VariableFontType:NonVariableFont
FileLength:924228
FileModTime:1571015320
WeightClass:400
WidthClass:5
AngleClass:0
NameArray:0,Mac,18,SpoqaHanSans-Regular
NameArray:0,Mac,4,SpoqaHanSans-Regular
NameArray:0,Win,1,SpoqaHanSans-Regular
NameArray:0,Win,16,SpoqaHanSans
NameArray:1,Win,1,SpoqaHanSans-Regular
NameArray:1,Win,16,SpoqaHanSans
%EndFont

%BeginFont
Handler:DirectoryHandler
FontType:Invalid
OutlineFileName:C:\Users\John_Ro\Desktop\landrover_main\landrover_coding\Font\SpoqaHanSans\hinted-SpoqaHanSans-Regular.woff
FileModTime:1571015320
%EndFont

%BeginFont
Handler:DirectoryHandler
FontType:Invalid
OutlineFileName:C:\Users\John_Ro\Desktop\landrover_main\landrover_coding\Font\SpoqaHanSans\hinted-SpoqaHanSans-Regular.woff2
FileModTime:1571015320
%EndFont

%BeginFont
Handler:DirectoryHandler
FontType:Invalid
OutlineFileName:C:\Users\John_Ro\Desktop\landrover_main\landrover_coding\Font\SpoqaHanSans\hinted-SpoqaHanSans-Thin.eot
FileModTime:1571015320
%EndFont

%BeginFont
Handler:DirectoryHandler
FontType:Invalid
OutlineFileName:C:\Users\John_Ro\Desktop\landrover_main\landrover_coding\Font\SpoqaHanSans\hinted-SpoqaHanSans-Thin.svg
FileModTime:1571015320
%EndFont

%BeginFont
Handler:DirectoryHandler
FontType:TrueType
FontName:SpoqaHanSans-Thin
FamilyName:SpoqaHanSans
StyleName:Thin
FullName:SpoqaHanSans-Thin
MenuName:SpoqaHanSans-Thin
StyleBits:0
FamilyNameNative:SpoqaHanSans
StyleNameNative:Thin
FullNameNative:SpoqaHanSans Thin
WritingScript:Korean
OutlineFileName:C:\Users\John_Ro\Desktop\landrover_main\landrover_coding\Font\SpoqaHanSans\hinted-SpoqaHanSans-Thin.ttf
DataFormat:sfntData
hasSVG:no
VariableFontType:NonVariableFont
FileLength:953188
FileModTime:1571015320
WeightClass:250
WidthClass:5
AngleClass:0
NameArray:0,Mac,18,SpoqaHanSans-Thin
NameArray:0,Mac,4,SpoqaHanSans-Thin
NameArray:0,Win,1,SpoqaHanSans-Thin
NameArray:0,Win,16,SpoqaHanSans
NameArray:1,Win,1,SpoqaHanSans-Thin
NameArray:1,Win,16,SpoqaHanSans
%EndFont

%BeginFont
Handler:DirectoryHandler
FontType:Invalid
OutlineFileName:C:\Users\John_Ro\Desktop\landrover_main\landrover_coding\Font\SpoqaHanSans\hinted-SpoqaHanSans-Thin.woff
FileModTime:1571015320
%EndFont

%BeginFont
Handler:DirectoryHandler
FontType:Invalid
OutlineFileName:C:\Users\John_Ro\Desktop\landrover_main\landrover_coding\Font\SpoqaHanSans\hinted-SpoqaHanSans-Thin.woff2
FileModTime:1571015320
%EndFont

%BeginFont
Handler:DirectoryHandler
FontType:Invalid
OutlineFileName:C:\Users\John_Ro\Desktop\landrover_main\landrover_coding\Font\SpoqaHanSans\stylesheet.css
FileModTime:1571015320
%EndFont

%BeginFont
Handler:DirectoryHandler
FontType:Invalid
OutlineFileName:C:\Users\John_Ro\Desktop\landrover_main\landrover_coding\Font\fontawesome\LICENSE.txt
FileModTime:1571015320
%EndFont

%BeginFont
Handler:DirectoryHandler
FontType:Invalid
OutlineFileName:C:\Users\John_Ro\Desktop\landrover_main\landrover_coding\Font\fontawesome\webfonts\fa-brands-400.eot
FileModTime:1571015320
%EndFont

%BeginFont
Handler:DirectoryHandler
FontType:Invalid
OutlineFileName:C:\Users\John_Ro\Desktop\landrover_main\landrover_coding\Font\fontawesome\webfonts\fa-brands-400.svg
FileModTime:1571015320
%EndFont

%BeginFont
Handler:DirectoryHandler
FontType:TrueType
FontName:FontAwesome5Brands-Regular
FamilyName:Font Awesome 5 Brands
StyleName:Regular
FullName:Font Awesome 5 Brands Regular
MenuName:Font Awesome 5 Brands Regular
StyleBits:0
WritingScript:Roman
OutlineFileName:C:\Users\John_Ro\Desktop\landrover_main\landrover_coding\Font\fontawesome\webfonts\fa-brands-400.ttf
DataFormat:sfntData
hasSVG:no
VariableFontType:NonVariableFont
FileLength:129284
FileModTime:1571015320
WeightClass:400
WidthClass:5
AngleClass:0
NameArray:0,Mac,18,Font Awesome 5 Brands Regular
NameArray:0,Mac,4,Font Awesome 5 Brands Regular
NameArray:0,Win,1,Font Awesome 5 Brands Regular
NameArray:0,Win,16,Font Awesome 5 Brands
%EndFont

%BeginFont
Handler:DirectoryHandler
FontType:Invalid
OutlineFileName:C:\Users\John_Ro\Desktop\landrover_main\landrover_coding\Font\fontawesome\webfonts\fa-brands-400.woff
FileModTime:1571015320
%EndFont

%BeginFont
Handler:DirectoryHandler
FontType:Invalid
OutlineFileName:C:\Users\John_Ro\Desktop\landrover_main\landrover_coding\Font\fontawesome\webfonts\fa-brands-400.woff2
FileModTime:1571015320
%EndFont

%BeginFont
Handler:DirectoryHandler
FontType:Invalid
OutlineFileName:C:\Users\John_Ro\Desktop\landrover_main\landrover_coding\Font\fontawesome\webfonts\fa-regular-400.eot
FileModTime:1571015320
%EndFont

%BeginFont
Handler:DirectoryHandler
FontType:Invalid
OutlineFileName:C:\Users\John_Ro\Desktop\landrover_main\landrover_coding\Font\fontawesome\webfonts\fa-regular-400.svg
FileModTime:1571015320
%EndFont

%BeginFont
Handler:DirectoryHandler
FontType:TrueType
FontName:FontAwesome5Free-Regular
FamilyName:Font Awesome 5 Free
StyleName:Regular
FullName:Font Awesome 5 Free Regular
MenuName:Font Awesome 5 Free Regular
StyleBits:0
WritingScript:Roman
OutlineFileName:C:\Users\John_Ro\Desktop\landrover_main\landrover_coding\Font\fontawesome\webfonts\fa-regular-400.ttf
DataFormat:sfntData
hasSVG:no
VariableFontType:NonVariableFont
FileLength:34096
FileModTime:1571015320
WeightClass:400
WidthClass:5
AngleClass:0
NameArray:0,Mac,18,Font Awesome 5 Free Regular
NameArray:0,Mac,4,Font Awesome 5 Free Regular
NameArray:0,Win,1,Font Awesome 5 Free Regular
NameArray:0,Win,16,Font Awesome 5 Free
%EndFont

%BeginFont
Handler:DirectoryHandler
FontType:Invalid
OutlineFileName:C:\Users\John_Ro\Desktop\landrover_main\landrover_coding\Font\fontawesome\webfonts\fa-regular-400.woff
FileModTime:1571015320
%EndFont

%BeginFont
Handler:DirectoryHandler
FontType:Invalid
OutlineFileName:C:\Users\John_Ro\Desktop\landrover_main\landrover_coding\Font\fontawesome\webfonts\fa-regular-400.woff2
FileModTime:1571015320
%EndFont

%BeginFont
Handler:DirectoryHandler
FontType:Invalid
OutlineFileName:C:\Users\John_Ro\Desktop\landrover_main\landrover_coding\Font\fontawesome\webfonts\fa-solid-900.eot
FileModTime:1571015320
%EndFont

%BeginFont
Handler:DirectoryHandler
FontType:Invalid
OutlineFileName:C:\Users\John_Ro\Desktop\landrover_main\landrover_coding\Font\fontawesome\webfonts\fa-solid-900.svg
FileModTime:1571015320
%EndFont

%BeginFont
Handler:DirectoryHandler
FontType:TrueType
FontName:FontAwesome5Free-Solid
FamilyName:Font Awesome 5 Free
StyleName:Solid
FullName:Font Awesome 5 Free Solid
MenuName:Font Awesome 5 Free Solid
StyleBits:0
WritingScript:Roman
OutlineFileName:C:\Users\John_Ro\Desktop\landrover_main\landrover_coding\Font\fontawesome\webfonts\fa-solid-900.ttf
DataFormat:sfntData
hasSVG:no
VariableFontType:NonVariableFont
FileLength:191836
FileModTime:1571015320
WeightClass:900
WidthClass:5
AngleClass:0
NameArray:0,Mac,18,Font Awesome 5 Free Solid
NameArray:0,Mac,4,Font Awesome 5 Free Solid
NameArray:0,Win,1,Font Awesome 5 Free Solid
NameArray:0,Win,16,Font Awesome 5 Free
%EndFont

%BeginFont
Handler:DirectoryHandler
FontType:Invalid
OutlineFileName:C:\Users\John_Ro\Desktop\landrover_main\landrover_coding\Font\fontawesome\webfonts\fa-solid-900.woff
FileModTime:1571015320
%EndFont

%BeginFont
Handler:DirectoryHandler
FontType:Invalid
OutlineFileName:C:\Users\John_Ro\Desktop\landrover_main\landrover_coding\Font\fontawesome\webfonts\fa-solid-900.woff2
FileModTime:1571015320
%EndFont

%BeginFont
Handler:DirectoryHandler
FontType:Invalid
OutlineFileName:C:\Users\John_Ro\Desktop\landrover_main\landrover_coding\Font\fontawesome\sprites\brands.svg
FileModTime:1571015320
%EndFont

%BeginFont
Handler:DirectoryHandler
FontType:Invalid
OutlineFileName:C:\Users\John_Ro\Desktop\landrover_main\landrover_coding\Font\fontawesome\sprites\regular.svg
FileModTime:1571015320
%EndFont

%BeginFont
Handler:DirectoryHandler
FontType:Invalid
OutlineFileName:C:\Users\John_Ro\Desktop\landrover_main\landrover_coding\Font\fontawesome\sprites\solid.svg
FileModTime:1571015320
%EndFont

%BeginFont
Handler:DirectoryHandler
FontType:Invalid
OutlineFileName:C:\Users\John_Ro\Desktop\landrover_main\landrover_coding\Font\fontawesome\scss\brands.scss
FileModTime:1571015320
%EndFont

%BeginFont
Handler:DirectoryHandler
FontType:Invalid
OutlineFileName:C:\Users\John_Ro\Desktop\landrover_main\landrover_coding\Font\fontawesome\scss\fontawesome.scss
FileModTime:1571015320
%EndFont

%BeginFont
Handler:DirectoryHandler
FontType:Invalid
OutlineFileName:C:\Users\John_Ro\Desktop\landrover_main\landrover_coding\Font\fontawesome\scss\regular.scss
FileModTime:1571015320
%EndFont

%BeginFont
Handler:DirectoryHandler
FontType:Invalid
OutlineFileName:C:\Users\John_Ro\Desktop\landrover_main\landrover_coding\Font\fontawesome\scss\solid.scss
FileModTime:1571015320
%EndFont

%BeginFont
Handler:DirectoryHandler
FontType:Invalid
OutlineFileName:C:\Users\John_Ro\Desktop\landrover_main\landrover_coding\Font\fontawesome\scss\v4-shims.scss
FileModTime:1571015320
%EndFont

%BeginFont
Handler:DirectoryHandler
FontType:Invalid
OutlineFileName:C:\Users\John_Ro\Desktop\landrover_main\landrover_coding\Font\fontawesome\scss\_animated.scss
FileModTime:1571015320
%EndFont

%BeginFont
Handler:DirectoryHandler
FontType:Invalid
OutlineFileName:C:\Users\John_Ro\Desktop\landrover_main\landrover_coding\Font\fontawesome\scss\_bordered-pulled.scss
FileModTime:1571015320
%EndFont

%BeginFont
Handler:DirectoryHandler
FontType:Invalid
OutlineFileName:C:\Users\John_Ro\Desktop\landrover_main\landrover_coding\Font\fontawesome\scss\_core.scss
FileModTime:1571015320
%EndFont

%BeginFont
Handler:DirectoryHandler
FontType:Invalid
OutlineFileName:C:\Users\John_Ro\Desktop\landrover_main\landrover_coding\Font\fontawesome\scss\_fixed-width.scss
FileModTime:1571015320
%EndFont

%BeginFont
Handler:DirectoryHandler
FontType:Invalid
OutlineFileName:C:\Users\John_Ro\Desktop\landrover_main\landrover_coding\Font\fontawesome\scss\_icons.scss
FileModTime:1571015320
%EndFont

%BeginFont
Handler:DirectoryHandler
FontType:Invalid
OutlineFileName:C:\Users\John_Ro\Desktop\landrover_main\landrover_coding\Font\fontawesome\scss\_larger.scss
FileModTime:1571015320
%EndFont

%BeginFont
Handler:DirectoryHandler
FontType:Invalid
OutlineFileName:C:\Users\John_Ro\Desktop\landrover_main\landrover_coding\Font\fontawesome\scss\_list.scss
FileModTime:1571015320
%EndFont

%BeginFont
Handler:DirectoryHandler
FontType:Invalid
OutlineFileName:C:\Users\John_Ro\Desktop\landrover_main\landrover_coding\Font\fontawesome\scss\_mixins.scss
FileModTime:1571015320
%EndFont

%BeginFont
Handler:DirectoryHandler
FontType:Invalid
OutlineFileName:C:\Users\John_Ro\Desktop\landrover_main\landrover_coding\Font\fontawesome\scss\_rotated-flipped.scss
FileModTime:1571015320
%EndFont

%BeginFont
Handler:DirectoryHandler
FontType:Invalid
OutlineFileName:C:\Users\John_Ro\Desktop\landrover_main\landrover_coding\Font\fontawesome\scss\_screen-reader.scss
FileModTime:1571015320
%EndFont

%BeginFont
Handler:DirectoryHandler
FontType:Invalid
OutlineFileName:C:\Users\John_Ro\Desktop\landrover_main\landrover_coding\Font\fontawesome\scss\_shims.scss
FileModTime:1571015320
%EndFont

%BeginFont
Handler:DirectoryHandler
FontType:Invalid
OutlineFileName:C:\Users\John_Ro\Desktop\landrover_main\landrover_coding\Font\fontawesome\scss\_stacked.scss
FileModTime:1571015320
%EndFont

%BeginFont
Handler:DirectoryHandler
FontType:Invalid
OutlineFileName:C:\Users\John_Ro\Desktop\landrover_main\landrover_coding\Font\fontawesome\scss\_variables.scss
FileModTime:1571015320
%EndFont

%BeginFont
Handler:DirectoryHandler
FontType:Invalid
OutlineFileName:C:\Users\John_Ro\Desktop\landrover_main\landrover_coding\Font\fontawesome\metadata\categories.yml
FileModTime:1571015320
%EndFont

%BeginFont
Handler:DirectoryHandler
FontType:Invalid
OutlineFileName:C:\Users\John_Ro\Desktop\landrover_main\landrover_coding\Font\fontawesome\metadata\icons.json
FileModTime:1571015320
%EndFont

%BeginFont
Handler:DirectoryHandler
FontType:Invalid
OutlineFileName:C:\Users\John_Ro\Desktop\landrover_main\landrover_coding\Font\fontawesome\metadata\icons.yml
FileModTime:1571015320
%EndFont

%BeginFont
Handler:DirectoryHandler
FontType:Invalid
OutlineFileName:C:\Users\John_Ro\Desktop\landrover_main\landrover_coding\Font\fontawesome\metadata\shims.json
FileModTime:1571015320
%EndFont

%BeginFont
Handler:DirectoryHandler
FontType:Invalid
OutlineFileName:C:\Users\John_Ro\Desktop\landrover_main\landrover_coding\Font\fontawesome\metadata\shims.yml
FileModTime:1571015320
%EndFont

%BeginFont
Handler:DirectoryHandler
FontType:Invalid
OutlineFileName:C:\Users\John_Ro\Desktop\landrover_main\landrover_coding\Font\fontawesome\metadata\sponsors.yml
FileModTime:1571015320
%EndFont

%BeginFont
Handler:DirectoryHandler
FontType:Invalid
OutlineFileName:C:\Users\John_Ro\Desktop\landrover_main\landrover_coding\Font\fontawesome\less\brands.less
FileModTime:1571015320
%EndFont

%BeginFont
Handler:DirectoryHandler
FontType:Invalid
OutlineFileName:C:\Users\John_Ro\Desktop\landrover_main\landrover_coding\Font\fontawesome\less\fontawesome.less
FileModTime:1571015320
%EndFont

%BeginFont
Handler:DirectoryHandler
FontType:Invalid
OutlineFileName:C:\Users\John_Ro\Desktop\landrover_main\landrover_coding\Font\fontawesome\less\regular.less
FileModTime:1571015320
%EndFont

%BeginFont
Handler:DirectoryHandler
FontType:Invalid
OutlineFileName:C:\Users\John_Ro\Desktop\landrover_main\landrover_coding\Font\fontawesome\less\solid.less
FileModTime:1571015320
%EndFont

%BeginFont
Handler:DirectoryHandler
FontType:Invalid
OutlineFileName:C:\Users\John_Ro\Desktop\landrover_main\landrover_coding\Font\fontawesome\less\v4-shims.less
FileModTime:1571015320
%EndFont

%BeginFont
Handler:DirectoryHandler
FontType:Invalid
OutlineFileName:C:\Users\John_Ro\Desktop\landrover_main\landrover_coding\Font\fontawesome\less\_animated.less
FileModTime:1571015320
%EndFont

%BeginFont
Handler:DirectoryHandler
FontType:Invalid
OutlineFileName:C:\Users\John_Ro\Desktop\landrover_main\landrover_coding\Font\fontawesome\less\_bordered-pulled.less
FileModTime:1571015320
%EndFont

%BeginFont
Handler:DirectoryHandler
FontType:Invalid
OutlineFileName:C:\Users\John_Ro\Desktop\landrover_main\landrover_coding\Font\fontawesome\less\_core.less
FileModTime:1571015320
%EndFont

%BeginFont
Handler:DirectoryHandler
FontType:Invalid
OutlineFileName:C:\Users\John_Ro\Desktop\landrover_main\landrover_coding\Font\fontawesome\less\_fixed-width.less
FileModTime:1571015320
%EndFont

%BeginFont
Handler:DirectoryHandler
FontType:Invalid
OutlineFileName:C:\Users\John_Ro\Desktop\landrover_main\landrover_coding\Font\fontawesome\less\_icons.less
FileModTime:1571015320
%EndFont

%BeginFont
Handler:DirectoryHandler
FontType:Invalid
OutlineFileName:C:\Users\John_Ro\Desktop\landrover_main\landrover_coding\Font\fontawesome\less\_larger.less
FileModTime:1571015320
%EndFont

%BeginFont
Handler:DirectoryHandler
FontType:Invalid
OutlineFileName:C:\Users\John_Ro\Desktop\landrover_main\landrover_coding\Font\fontawesome\less\_list.less
FileModTime:1571015320
%EndFont

%BeginFont
Handler:DirectoryHandler
FontType:Invalid
OutlineFileName:C:\Users\John_Ro\Desktop\landrover_main\landrover_coding\Font\fontawesome\less\_mixins.less
FileModTime:1571015320
%EndFont

%BeginFont
Handler:DirectoryHandler
FontType:Invalid
OutlineFileName:C:\Users\John_Ro\Desktop\landrover_main\landrover_coding\Font\fontawesome\less\_rotated-flipped.less
FileModTime:1571015320
%EndFont

%BeginFont
Handler:DirectoryHandler
FontType:Invalid
OutlineFileName:C:\Users\John_Ro\Desktop\landrover_main\landrover_coding\Font\fontawesome\less\_screen-reader.less
FileModTime:1571015320
%EndFont

%BeginFont
Handler:DirectoryHandler
FontType:Invalid
OutlineFileName:C:\Users\John_Ro\Desktop\landrover_main\landrover_coding\Font\fontawesome\less\_shims.less
FileModTime:1571015320
%EndFont

%BeginFont
Handler:DirectoryHandler
FontType:Invalid
OutlineFileName:C:\Users\John_Ro\Desktop\landrover_main\landrover_coding\Font\fontawesome\less\_stacked.less
FileModTime:1571015320
%EndFont

%BeginFont
Handler:DirectoryHandler
FontType:Invalid
OutlineFileName:C:\Users\John_Ro\Desktop\landrover_main\landrover_coding\Font\fontawesome\less\_variables.less
FileModTime:1571015320
%EndFont

%BeginFont
Handler:DirectoryHandler
FontType:Invalid
OutlineFileName:C:\Users\John_Ro\Desktop\landrover_main\landrover_coding\Font\fontawesome\js\all.js
FileModTime:1571015320
%EndFont

%BeginFont
Handler:DirectoryHandler
FontType:Invalid
OutlineFileName:C:\Users\John_Ro\Desktop\landrover_main\landrover_coding\Font\fontawesome\js\all.min.js
FileModTime:1571015320
%EndFont

%BeginFont
Handler:DirectoryHandler
FontType:Invalid
OutlineFileName:C:\Users\John_Ro\Desktop\landrover_main\landrover_coding\Font\fontawesome\js\brands.js
FileModTime:1571015320
%EndFont

%BeginFont
Handler:DirectoryHandler
FontType:Invalid
OutlineFileName:C:\Users\John_Ro\Desktop\landrover_main\landrover_coding\Font\fontawesome\js\brands.min.js
FileModTime:1571015320
%EndFont

%BeginFont
Handler:DirectoryHandler
FontType:Invalid
OutlineFileName:C:\Users\John_Ro\Desktop\landrover_main\landrover_coding\Font\fontawesome\js\conflict-detection.js
FileModTime:1571015320
%EndFont

%BeginFont
Handler:DirectoryHandler
FontType:Invalid
OutlineFileName:C:\Users\John_Ro\Desktop\landrover_main\landrover_coding\Font\fontawesome\js\conflict-detection.min.js
FileModTime:1571015320
%EndFont

%BeginFont
Handler:DirectoryHandler
FontType:Invalid
OutlineFileName:C:\Users\John_Ro\Desktop\landrover_main\landrover_coding\Font\fontawesome\js\fontawesome.js
FileModTime:1571015320
%EndFont

%BeginFont
Handler:DirectoryHandler
FontType:Invalid
OutlineFileName:C:\Users\John_Ro\Desktop\landrover_main\landrover_coding\Font\fontawesome\js\fontawesome.min.js
FileModTime:1571015320
%EndFont

%BeginFont
Handler:DirectoryHandler
FontType:Invalid
OutlineFileName:C:\Users\John_Ro\Desktop\landrover_main\landrover_coding\Font\fontawesome\js\regular.js
FileModTime:1571015320
%EndFont

%BeginFont
Handler:DirectoryHandler
FontType:Invalid
OutlineFileName:C:\Users\John_Ro\Desktop\landrover_main\landrover_coding\Font\fontawesome\js\regular.min.js
FileModTime:1571015320
%EndFont

%BeginFont
Handler:DirectoryHandler
FontType:Invalid
OutlineFileName:C:\Users\John_Ro\Desktop\landrover_main\landrover_coding\Font\fontawesome\js\solid.js
FileModTime:1571015320
%EndFont

%BeginFont
Handler:DirectoryHandler
FontType:Invalid
OutlineFileName:C:\Users\John_Ro\Desktop\landrover_main\landrover_coding\Font\fontawesome\js\solid.min.js
FileModTime:1571015320
%EndFont

%BeginFont
Handler:DirectoryHandler
FontType:Invalid
OutlineFileName:C:\Users\John_Ro\Desktop\landrover_main\landrover_coding\Font\fontawesome\js\v4-shims.js
FileModTime:1571015320
%EndFont

%BeginFont
Handler:DirectoryHandler
FontType:Invalid
OutlineFileName:C:\Users\John_Ro\Desktop\landrover_main\landrover_coding\Font\fontawesome\js\v4-shims.min.js
FileModTime:1571015320
%EndFont

%BeginFont
Handler:DirectoryHandler
FontType:Invalid
OutlineFileName:C:\Users\John_Ro\Desktop\landrover_main\landrover_coding\Font\fontawesome\css\all.css
FileModTime:1571015320
%EndFont

%BeginFont
Handler:DirectoryHandler
FontType:Invalid
OutlineFileName:C:\Users\John_Ro\Desktop\landrover_main\landrover_coding\Font\fontawesome\css\all.min.css
FileModTime:1571015320
%EndFont

%BeginFont
Handler:DirectoryHandler
FontType:Invalid
OutlineFileName:C:\Users\John_Ro\Desktop\landrover_main\landrover_coding\Font\fontawesome\css\brands.css
FileModTime:1571015320
%EndFont

%BeginFont
Handler:DirectoryHandler
FontType:Invalid
OutlineFileName:C:\Users\John_Ro\Desktop\landrover_main\landrover_coding\Font\fontawesome\css\brands.min.css
FileModTime:1571015320
%EndFont

%BeginFont
Handler:DirectoryHandler
FontType:Invalid
OutlineFileName:C:\Users\John_Ro\Desktop\landrover_main\landrover_coding\Font\fontawesome\css\fontawesome.css
FileModTime:1571015320
%EndFont

%BeginFont
Handler:DirectoryHandler
FontType:Invalid
OutlineFileName:C:\Users\John_Ro\Desktop\landrover_main\landrover_coding\Font\fontawesome\css\fontawesome.min.css
FileModTime:1571015320
%EndFont

%BeginFont
Handler:DirectoryHandler
FontType:Invalid
OutlineFileName:C:\Users\John_Ro\Desktop\landrover_main\landrover_coding\Font\fontawesome\css\regular.css
FileModTime:1571015320
%EndFont

%BeginFont
Handler:DirectoryHandler
FontType:Invalid
OutlineFileName:C:\Users\John_Ro\Desktop\landrover_main\landrover_coding\Font\fontawesome\css\regular.min.css
FileModTime:1571015320
%EndFont

%BeginFont
Handler:DirectoryHandler
FontType:Invalid
OutlineFileName:C:\Users\John_Ro\Desktop\landrover_main\landrover_coding\Font\fontawesome\css\solid.css
FileModTime:1571015320
%EndFont

%BeginFont
Handler:DirectoryHandler
FontType:Invalid
OutlineFileName:C:\Users\John_Ro\Desktop\landrover_main\landrover_coding\Font\fontawesome\css\solid.min.css
FileModTime:1571015320
%EndFont

%BeginFont
Handler:DirectoryHandler
FontType:Invalid
OutlineFileName:C:\Users\John_Ro\Desktop\landrover_main\landrover_coding\Font\fontawesome\css\svg-with-js.css
FileModTime:1571015320
%EndFont

%BeginFont
Handler:DirectoryHandler
FontType:Invalid
OutlineFileName:C:\Users\John_Ro\Desktop\landrover_main\landrover_coding\Font\fontawesome\css\svg-with-js.min.css
FileModTime:1571015320
%EndFont

%BeginFont
Handler:DirectoryHandler
FontType:Invalid
OutlineFileName:C:\Users\John_Ro\Desktop\landrover_main\landrover_coding\Font\fontawesome\css\v4-shims.css
FileModTime:1571015320
%EndFont

%BeginFont
Handler:DirectoryHandler
FontType:Invalid
OutlineFileName:C:\Users\John_Ro\Desktop\landrover_main\landrover_coding\Font\fontawesome\css\v4-shims.min.css
FileModTime:1571015320
%EndFont

